// Jest Snapshot v1, https://goo.gl/fbAQLP

exports[`Home component should match snapshot 1`] = `
<div
  className="page"
>
  <MyProfile />
  <ChatWindow />
  <Profile />
</div>
`;
